// Jest Snapshot v1, https://goo.gl/fbAQLP

exports[`Expense List Item should return a list Item 1`] = `
<div>
  <Link
    replace={false}
    to="/edit/2"
  >
    <h2>
      Pen
    </h2>
  </Link>
  <p>
    5
    /- Rupee(s) Only -
    <span>
      1st Jan 1970
    </span>
  </p>
  <p />
</div>
`;
