// Jest Snapshot v1, https://goo.gl/fbAQLP

exports[`Expenses Summary should render a Expenses Summary with expenses 1`] = `
<div
  className="page-header"
>
  <div
    className="content-container"
  >
    <h1
      className="page-header__title"
    >
      Showing 
      <span>
        3
      </span>
       expense(s), totalling 
      <span>
        35
      </span>
       Rupees.
    </h1>
    <div
      className="page-header__actions"
    >
      <Link
        className="button"
        replace={false}
        to="/add-expense"
      >
        Create New Expense
      </Link>
    </div>
  </div>
</div>
`;

exports[`Expenses Summary should render a Expenses Summary with no expense 1`] = `
<div
  className="page-header"
>
  <div
    className="content-container"
  >
    <h1
      className="page-header__title"
    >
      Showing 
      <span>
        0
      </span>
       expense(s), totalling 
      <span>
        0
      </span>
       Rupees.
    </h1>
    <div
      className="page-header__actions"
    >
      <Link
        className="button"
        replace={false}
        to="/add-expense"
      >
        Create New Expense
      </Link>
    </div>
  </div>
</div>
`;
